// Code generated by https://github.com/moov-io/xsd2go; DO NOT EDIT.
// Models for https://simple.example.com/
package incl

import (
	"encoding/xml"

	"github.com/moov-io/rtp20022/pkg/rtp"
)

// XSD Elements

type Myelement struct {
	XMLName xml.Name
	Id      ISODateTime                       `xml:"https://simple.example.com/ id"`
	Amtccy  ActiveOrHistoricCurrencyAndAmount `xml:"https://simple.example.com/ amtccy"`
}

// MarshalXML is a custom marshaller that allows us to manipulate the XML tag in order to use the proper namespace prefix
func (v Myelement) MarshalXML(e *xml.Encoder, start xml.StartElement) error {
	e.EncodeToken(xml.StartElement{Name: xml.Name{Local: start.Name.Local}})
	e.EncodeElement(v.Id, xml.StartElement{Name: xml.Name{Local: "incl:id"}})
	e.EncodeElement(v.Amtccy, xml.StartElement{Name: xml.Name{Local: "incl:amtccy"}})
	e.EncodeToken(xml.EndElement{Name: xml.Name{Local: start.Name.Local}})
	return nil
}

// XSD ComplexType declarations

type MyElementType struct {
	Id     rtp.ISODateTime                   `xml:"https://simple.example.com/ id"`
	Amtccy ActiveOrHistoricCurrencyAndAmount `xml:"https://simple.example.com/ amtccy"`
}

// MarshalXML is a custom marshaller that allows us to manipulate the XML tag in order to use the proper namespace prefix
func (v MyElementType) MarshalXML(e *xml.Encoder, start xml.StartElement) error {
	e.EncodeToken(xml.StartElement{Name: xml.Name{Local: start.Name.Local}})
	e.EncodeElement(v.Id, xml.StartElement{Name: xml.Name{Local: "incl:id"}})
	e.EncodeElement(v.Amtccy, xml.StartElement{Name: xml.Name{Local: "incl:amtccy"}})
	e.EncodeToken(xml.EndElement{Name: xml.Name{Local: start.Name.Local}})
	return nil
}

type ActiveOrHistoricCurrencyAndAmount struct {
	Value ActiveOrHistoricCurrencyAndAmountSimpleType `xml:",chardata"`
	Ccy   ActiveOrHistoricCurrencyCode                `xml:"Ccy,attr"`
}

// XSD SimpleType declarations

type ActiveOrHistoricCurrencyAndAmountSimpleType rtp.Amount

func (a ActiveOrHistoricCurrencyAndAmountSimpleType) MarshalText() ([]byte, error) {
	return rtp.Amount(a).MarshalText()
}

type ActiveOrHistoricCurrencyCode string
