// Code generated by https://github.com/moov-io/xsd2go; DO NOT EDIT.
// Models for https://simple.example.com/
package simple_8859_1

import (
	"encoding/xml"
)

// XSD Elements

type Myelement struct {
	XMLName xml.Name
	Id      int64 `xml:"https://simple.example.com/ id"`
}

// MarshalXML is a custom marshaller that allows us to manipulate the XML tag in order to use the proper namespace prefix
func (v Myelement) MarshalXML(e *xml.Encoder, start xml.StartElement) error {
	e.EncodeToken(xml.StartElement{Name: xml.Name{Local: start.Name.Local}})
	e.EncodeElement(v.Id, xml.StartElement{Name: xml.Name{Local: "simple-8859-1:id"}})
	e.EncodeToken(xml.EndElement{Name: xml.Name{Local: start.Name.Local}})
	return nil
}

// XSD ComplexType declarations

type MyElementType struct {
	Id int64 `xml:"https://simple.example.com/ id"`
}

// MarshalXML is a custom marshaller that allows us to manipulate the XML tag in order to use the proper namespace prefix
func (v MyElementType) MarshalXML(e *xml.Encoder, start xml.StartElement) error {
	e.EncodeToken(xml.StartElement{Name: xml.Name{Local: start.Name.Local}})
	e.EncodeElement(v.Id, xml.StartElement{Name: xml.Name{Local: "simple-8859-1:id"}})
	e.EncodeToken(xml.EndElement{Name: xml.Name{Local: start.Name.Local}})
	return nil
}
