// Code generated by https://github.com/moov-io/xsd2go; DO NOT EDIT.
// Models for http://csrc.nist.gov/ns/swid/2015-extensions/1.0
package swid_2015_extensions_1_0

// XSD SimpleType declarations

type PatchEventType string

const PatchEventTypeUpdate PatchEventType = "update"
const PatchEventTypeRemove PatchEventType = "remove"
const PatchEventTypeAdd PatchEventType = "add"
