// Code generated by https://github.com/gocomply/xsd2go; DO NOT EDIT.
// Models for issue129
package issue129

import (
	"encoding/xml"
)

// Element
type List struct {
	XMLName xml.Name `xml:"List"`

	Ccc []string `xml:",any"`
}

// Element
type List1 struct {
	XMLName xml.Name `xml:"List"`

	Ddd []int `xml:",any"`
}

// XSD ComplexType declarations

type Aaa struct {
	XMLName xml.Name

	List *List `xml:",any"`
}

type Bbb struct {
	XMLName xml.Name

	List *List `xml:",any"`
}

// XSD SimpleType declarations
