// Code generated by https://github.com/gocomply/xsd2go; DO NOT EDIT.
// Models for https://simple.example.com/
package simple_schema

import (
	"encoding/xml"
)

// Element
type Myelement struct {
	XMLName xml.Name `xml:"myelement"`

	Datatype DatatypeEnumeration `xml:"datatype,attr,omitempty"`

	Operation OperationEnumeration `xml:"operation,attr,omitempty"`
}

// XSD ComplexType declarations

type StateRefType struct {
	XMLName xml.Name

	StateRef StateIDPattern `xml:"state_ref,attr"`

	InnerXml string `xml:",innerxml"`
}

type MySimpleBaseType struct {
	XMLName xml.Name

	Datatype DatatypeEnumeration `xml:"datatype,attr,omitempty"`

	Operation OperationEnumeration `xml:"operation,attr,omitempty"`

	Text     string `xml:",chardata"`
	InnerXml string `xml:",innerxml"`
}

type MyElementType struct {
	XMLName xml.Name

	Datatype DatatypeEnumeration `xml:"datatype,attr,omitempty"`

	Operation OperationEnumeration `xml:"operation,attr,omitempty"`

	InnerXml string `xml:",innerxml"`
}

// XSD SimpleType declarations

type StateIDPattern string

type SimpleDatatypeEnumeration string

const SimpleDatatypeEnumerationBinary SimpleDatatypeEnumeration = "binary"

const SimpleDatatypeEnumerationBoolean SimpleDatatypeEnumeration = "boolean"

const SimpleDatatypeEnumerationEvrString SimpleDatatypeEnumeration = "evr_string"

const SimpleDatatypeEnumerationDebianEvrString SimpleDatatypeEnumeration = "debian_evr_string"

const SimpleDatatypeEnumerationFilesetRevision SimpleDatatypeEnumeration = "fileset_revision"

const SimpleDatatypeEnumerationFloat SimpleDatatypeEnumeration = "float"

const SimpleDatatypeEnumerationIosVersion SimpleDatatypeEnumeration = "ios_version"

const SimpleDatatypeEnumerationInt SimpleDatatypeEnumeration = "int"

const SimpleDatatypeEnumerationIpv4Address SimpleDatatypeEnumeration = "ipv4_address"

const SimpleDatatypeEnumerationIpv6Address SimpleDatatypeEnumeration = "ipv6_address"

const SimpleDatatypeEnumerationString SimpleDatatypeEnumeration = "string"

const SimpleDatatypeEnumerationVersion SimpleDatatypeEnumeration = "version"

type ComplexDatatypeEnumeration string

const ComplexDatatypeEnumerationRecord ComplexDatatypeEnumeration = "record"

type DatatypeEnumeration string

type OperationEnumeration string

const OperationEnumerationEquals OperationEnumeration = "equals"

const OperationEnumerationNotEqual OperationEnumeration = "not equal"

const OperationEnumerationCaseInsensitiveEquals OperationEnumeration = "case insensitive equals"

const OperationEnumerationCaseInsensitiveNotEqual OperationEnumeration = "case insensitive not equal"

const OperationEnumerationGreaterThan OperationEnumeration = "greater than"

const OperationEnumerationLessThan OperationEnumeration = "less than"

const OperationEnumerationGreaterThanOrEqual OperationEnumeration = "greater than or equal"

const OperationEnumerationLessThanOrEqual OperationEnumeration = "less than or equal"

const OperationEnumerationBitwiseAnd OperationEnumeration = "bitwise and"

const OperationEnumerationBitwiseOr OperationEnumeration = "bitwise or"

const OperationEnumerationPatternMatch OperationEnumeration = "pattern match"

const OperationEnumerationSubsetOf OperationEnumeration = "subset of"

const OperationEnumerationSupersetOf OperationEnumeration = "superset of"
