// Code generated by https://github.com/gocomply/xsd2go; DO NOT EDIT.
// Models for https://simple.example.com/
package simple_schema

import (
	"encoding/xml"
)

// Element
type Myelement struct {
	XMLName xml.Name `xml:"myelement"`

	Id int64 `xml:",any"`
}

// XSD ComplexType declarations

type MyElementType struct {
	XMLName xml.Name

	Id int64 `xml:",any"`

	InnerXml string `xml:",innerxml"`
}

// XSD SimpleType declarations
