// Code generated by https://github.com/gocomply/xsd2go; DO NOT EDIT.
// Models for without_targetNamespace
package without_targetNamespace

import (
	"encoding/xml"
)

// Element
type Name struct {
	XMLName xml.Name `xml:"name"`

	Text string `xml:",chardata"`
}

// Element
type Referencingthename struct {
	XMLName xml.Name `xml:"referencingthename"`

	Name string `xml:",any"`
}

// XSD ComplexType declarations

// XSD SimpleType declarations
