// Code generated by https://github.com/gocomply/xsd2go; DO NOT EDIT.
// Models for http://www.w3.org/2000/09/xmldsig#
package xml_dsig

import (
	"encoding/xml"
)

// Element
type Signature struct {
	XMLName xml.Name `xml:"Signature"`

	Id string `xml:"Id,attr,omitempty"`

	SignedInfo SignedInfoType `xml:"SignedInfo"`

	SignatureValue SignatureValueType `xml:"SignatureValue"`

	KeyInfo *KeyInfoType `xml:"KeyInfo"`

	Object []ObjectType `xml:"Object"`
}

// Element
type SignatureValue struct {
	XMLName xml.Name `xml:"SignatureValue"`

	Id string `xml:"Id,attr,omitempty"`

	Text string `xml:",chardata"`
}

// Element
type SignedInfo struct {
	XMLName xml.Name `xml:"SignedInfo"`

	Id string `xml:"Id,attr,omitempty"`

	CanonicalizationMethod CanonicalizationMethodType `xml:"CanonicalizationMethod"`

	SignatureMethod SignatureMethodType `xml:"SignatureMethod"`

	Reference []ReferenceType `xml:"Reference"`
}

// Element
type CanonicalizationMethod struct {
	XMLName xml.Name `xml:"CanonicalizationMethod"`

	Algorithm string `xml:"Algorithm,attr"`
}

// Element
type SignatureMethod struct {
	XMLName xml.Name `xml:"SignatureMethod"`

	Algorithm string `xml:"Algorithm,attr"`

	HMACOutputLength string `xml:",any"`
}

// Element
type Reference struct {
	XMLName xml.Name `xml:"Reference"`

	Id string `xml:"Id,attr,omitempty"`

	URI string `xml:"URI,attr,omitempty"`

	Type string `xml:"Type,attr,omitempty"`

	Transforms *TransformsType `xml:"Transforms"`

	DigestMethod DigestMethodType `xml:"DigestMethod"`

	DigestValue string `xml:"DigestValue"`
}

// Element
type Transforms struct {
	XMLName xml.Name `xml:"Transforms"`

	Transform []TransformType `xml:",any"`
}

// Element
type Transform struct {
	XMLName xml.Name `xml:"Transform"`

	Algorithm string `xml:"Algorithm,attr"`

	XPath []string `xml:"XPath"`
}

// Element
type DigestMethod struct {
	XMLName xml.Name `xml:"DigestMethod"`

	Algorithm string `xml:"Algorithm,attr"`
}

// Element
type DigestValue struct {
	XMLName xml.Name `xml:"DigestValue"`

	Text string `xml:",chardata"`
}

// Element
type KeyInfo struct {
	XMLName xml.Name `xml:"KeyInfo"`

	Id string `xml:"Id,attr,omitempty"`

	KeyName []string `xml:"KeyName"`

	KeyValue []KeyValueType `xml:"KeyValue"`

	RetrievalMethod []RetrievalMethodType `xml:"RetrievalMethod"`

	X509Data []X509DataType `xml:"X509Data"`

	PGPData []PGPDataType `xml:"PGPData"`

	SPKIData []SPKIDataType `xml:"SPKIData"`

	MgmtData []string `xml:"MgmtData"`
}

// Element
type KeyName struct {
	XMLName xml.Name `xml:"KeyName"`

	Text string `xml:",chardata"`
}

// Element
type MgmtData struct {
	XMLName xml.Name `xml:"MgmtData"`

	Text string `xml:",chardata"`
}

// Element
type KeyValue struct {
	XMLName xml.Name `xml:"KeyValue"`

	DSAKeyValue *DSAKeyValueType `xml:"DSAKeyValue"`

	RSAKeyValue *RSAKeyValueType `xml:"RSAKeyValue"`
}

// Element
type RetrievalMethod struct {
	XMLName xml.Name `xml:"RetrievalMethod"`

	URI string `xml:"URI,attr"`

	Type string `xml:"Type,attr,omitempty"`

	Transforms *TransformsType `xml:",any"`
}

// Element
type X509Data struct {
	XMLName xml.Name `xml:"X509Data"`

	X509IssuerSerial *X509IssuerSerialType `xml:"X509IssuerSerial"`

	X509SKI string `xml:"X509SKI"`

	X509SubjectName string `xml:"X509SubjectName"`

	X509Certificate string `xml:"X509Certificate"`

	X509CRL string `xml:"X509CRL"`
}

// Element
type PGPData struct {
	XMLName xml.Name `xml:"PGPData"`

	PGPKeyID string `xml:"PGPKeyID"`

	PGPKeyPacket string `xml:"PGPKeyPacket"`
}

// Element
type SPKIData struct {
	XMLName xml.Name `xml:"SPKIData"`

	SPKISexp string `xml:",any"`
}

// Element
type Object struct {
	XMLName xml.Name `xml:"Object"`

	Id string `xml:"Id,attr,omitempty"`

	MimeType string `xml:"MimeType,attr,omitempty"`

	Encoding string `xml:"Encoding,attr,omitempty"`
}

// Element
type Manifest struct {
	XMLName xml.Name `xml:"Manifest"`

	Id string `xml:"Id,attr,omitempty"`

	Reference []ReferenceType `xml:",any"`
}

// Element
type SignatureProperties struct {
	XMLName xml.Name `xml:"SignatureProperties"`

	Id string `xml:"Id,attr,omitempty"`

	SignatureProperty []SignaturePropertyType `xml:",any"`
}

// Element
type SignatureProperty struct {
	XMLName xml.Name `xml:"SignatureProperty"`

	Target string `xml:"Target,attr"`

	Id string `xml:"Id,attr,omitempty"`
}

// Element
type DSAKeyValue struct {
	XMLName xml.Name `xml:"DSAKeyValue"`

	G string `xml:"G"`

	Y string `xml:"Y"`

	J string `xml:"J"`
}

// Element
type RSAKeyValue struct {
	XMLName xml.Name `xml:"RSAKeyValue"`

	Modulus string `xml:"Modulus"`

	Exponent string `xml:"Exponent"`
}

// XSD ComplexType declarations

type SignatureType struct {
	XMLName xml.Name

	Id string `xml:"Id,attr,omitempty"`

	SignedInfo SignedInfoType `xml:"SignedInfo"`

	SignatureValue SignatureValueType `xml:"SignatureValue"`

	KeyInfo *KeyInfoType `xml:"KeyInfo"`

	Object []ObjectType `xml:"Object"`

	InnerXml string `xml:",innerxml"`
}

type SignatureValueType struct {
	XMLName xml.Name

	Id string `xml:"Id,attr,omitempty"`

	Text     string `xml:",chardata"`
	InnerXml string `xml:",innerxml"`
}

type SignedInfoType struct {
	XMLName xml.Name

	Id string `xml:"Id,attr,omitempty"`

	CanonicalizationMethod CanonicalizationMethodType `xml:"CanonicalizationMethod"`

	SignatureMethod SignatureMethodType `xml:"SignatureMethod"`

	Reference []ReferenceType `xml:"Reference"`

	InnerXml string `xml:",innerxml"`
}

type CanonicalizationMethodType struct {
	XMLName xml.Name

	Algorithm string `xml:"Algorithm,attr"`

	InnerXml string `xml:",innerxml"`
}

type SignatureMethodType struct {
	XMLName xml.Name

	Algorithm string `xml:"Algorithm,attr"`

	HMACOutputLength string `xml:",any"`

	InnerXml string `xml:",innerxml"`
}

type ReferenceType struct {
	XMLName xml.Name

	Id string `xml:"Id,attr,omitempty"`

	URI string `xml:"URI,attr,omitempty"`

	Type string `xml:"Type,attr,omitempty"`

	Transforms *TransformsType `xml:"Transforms"`

	DigestMethod DigestMethodType `xml:"DigestMethod"`

	DigestValue string `xml:"DigestValue"`

	InnerXml string `xml:",innerxml"`
}

type TransformsType struct {
	XMLName xml.Name

	Transform []TransformType `xml:",any"`

	InnerXml string `xml:",innerxml"`
}

type TransformType struct {
	XMLName xml.Name

	Algorithm string `xml:"Algorithm,attr"`

	XPath []string `xml:"XPath"`

	InnerXml string `xml:",innerxml"`
}

type DigestMethodType struct {
	XMLName xml.Name

	Algorithm string `xml:"Algorithm,attr"`

	InnerXml string `xml:",innerxml"`
}

type KeyInfoType struct {
	XMLName xml.Name

	Id string `xml:"Id,attr,omitempty"`

	KeyName []string `xml:"KeyName"`

	KeyValue []KeyValueType `xml:"KeyValue"`

	RetrievalMethod []RetrievalMethodType `xml:"RetrievalMethod"`

	X509Data []X509DataType `xml:"X509Data"`

	PGPData []PGPDataType `xml:"PGPData"`

	SPKIData []SPKIDataType `xml:"SPKIData"`

	MgmtData []string `xml:"MgmtData"`

	InnerXml string `xml:",innerxml"`
}

type KeyValueType struct {
	XMLName xml.Name

	DSAKeyValue *DSAKeyValueType `xml:"DSAKeyValue"`

	RSAKeyValue *RSAKeyValueType `xml:"RSAKeyValue"`

	InnerXml string `xml:",innerxml"`
}

type RetrievalMethodType struct {
	XMLName xml.Name

	URI string `xml:"URI,attr"`

	Type string `xml:"Type,attr,omitempty"`

	Transforms *TransformsType `xml:",any"`

	InnerXml string `xml:",innerxml"`
}

type X509DataType struct {
	XMLName xml.Name

	X509IssuerSerial *X509IssuerSerialType `xml:"X509IssuerSerial"`

	X509SKI string `xml:"X509SKI"`

	X509SubjectName string `xml:"X509SubjectName"`

	X509Certificate string `xml:"X509Certificate"`

	X509CRL string `xml:"X509CRL"`

	InnerXml string `xml:",innerxml"`
}

type X509IssuerSerialType struct {
	XMLName xml.Name

	X509IssuerName string `xml:"X509IssuerName"`

	X509SerialNumber string `xml:"X509SerialNumber"`

	InnerXml string `xml:",innerxml"`
}

type PGPDataType struct {
	XMLName xml.Name

	PGPKeyID string `xml:"PGPKeyID"`

	PGPKeyPacket string `xml:"PGPKeyPacket"`

	InnerXml string `xml:",innerxml"`
}

type SPKIDataType struct {
	XMLName xml.Name

	SPKISexp string `xml:",any"`

	InnerXml string `xml:",innerxml"`
}

type ObjectType struct {
	XMLName xml.Name

	Id string `xml:"Id,attr,omitempty"`

	MimeType string `xml:"MimeType,attr,omitempty"`

	Encoding string `xml:"Encoding,attr,omitempty"`

	InnerXml string `xml:",innerxml"`
}

type ManifestType struct {
	XMLName xml.Name

	Id string `xml:"Id,attr,omitempty"`

	Reference []ReferenceType `xml:",any"`

	InnerXml string `xml:",innerxml"`
}

type SignaturePropertiesType struct {
	XMLName xml.Name

	Id string `xml:"Id,attr,omitempty"`

	SignatureProperty []SignaturePropertyType `xml:",any"`

	InnerXml string `xml:",innerxml"`
}

type SignaturePropertyType struct {
	XMLName xml.Name

	Target string `xml:"Target,attr"`

	Id string `xml:"Id,attr,omitempty"`

	InnerXml string `xml:",innerxml"`
}

type DSAKeyValueType struct {
	XMLName xml.Name

	G string `xml:"G"`

	Y string `xml:"Y"`

	J string `xml:"J"`

	InnerXml string `xml:",innerxml"`
}

type RSAKeyValueType struct {
	XMLName xml.Name

	Modulus string `xml:"Modulus"`

	Exponent string `xml:"Exponent"`

	InnerXml string `xml:",innerxml"`
}

// XSD SimpleType declarations

type CryptoBinary string

type DigestValueType string

type HMACOutputLengthType string
